Microchip MPLAB XC8 Compiler V2.40

Linker command line:

-W-3 \
  --edf=C:\Program Files\Microchip\xc8\v2.40\pic\dat\20220703182018_en.msgs \
  -cn -h+dist/default/production\postlab3.X.production.sym \
  --cmf=dist/default/production\postlab3.X.production.cmf -z -Q16F887 \
  -oC:\Users\HP\AppData\Local\Temp\xcAs3so.4 --defsym=__MPLAB_BUILD=1 \
  --fixupoverflow=error -Mdist/default/production/postlab3.X.production.map \
  --md=C:\Users\HP\AppData\Local\Temp\xcAs3so.dat -E1 -ver=XC8 Compiler \
  --acfsm=1493 -ACODE=00h-07FFhx4 -ASTRCODE=00h-01FFFh -ASTRING=00h-0FFhx32 \
  -ACONST=00h-0FFhx32 -AENTRY=00h-0FFhx32 -ACOMMON=070h-07Fh \
  -ABANK0=020h-06Fh -ABANK1=0A0h-0EFh -ABANK2=0110h-016Fh \
  -ABANK3=0190h-01EFh -ARAM=020h-06Fh,0A0h-0EFh,0110h-016Fh,0190h-01EFh \
  -AABS1=020h-07Fh,0A0h-0EFh,0110h-016Fh,0190h-01EFh -ASFR0=00h-01Fh \
  -ASFR1=080h-09Fh -ASFR2=0100h-010Fh -ASFR3=0180h-018Fh \
  -ACONFIG=02007h-02008h -DCONFIG=2 -AIDLOC=02000h-02003h -DIDLOC=2 \
  -AEEDATA=00h-0FFh/02100h -peeprom_data=EEDATA -DEEDATA=2 -DCODE=2 \
  -DSTRCODE=2 -DSTRING=2 -DCONST=2 -DENTRY=2 \
  -preset_vec=00h,intentry,init,end_init -ppowerup=CODE -pcinit=CODE \
  -pfunctab=ENTRY -k C:\Users\HP\AppData\Local\Temp\xcAs3so.o \
  dist/default/production\postlab3.X.production.o 

Object code version is 3.11

Machine type is 16F887



                Name                               Link     Load   Length Selector   Space Scale
C:\Users\HP\AppData\Local\Temp\xcAs3so.o
                end_init                              0        0        3        0       0
                config                             2007     2007        2        0       4
                idloc                              2000     2000        4        0       5
dist/default/production\postlab3.X.production.o
                cinit                               7F3      7F3        D      FE6       0
                config                             2007     2007        2        0       4
                idloc                              2000     2000        4        0       5
                text21                              DB6      DB6        6     1B6C       0
                text20                              E13      E13       1A     1C26       0
                text19                              DDA      DDA        D     1BB4       0
                text18                              E75      E75       4B     1CEA       0
                text17                                4        4       20        8       0
                text16                              DE7      DE7       16     1BCE       0
                text15                              E50      E50       25     1CA0       0
                text14                               24       24       27       48       0
                text13                              4AE      4AE      345      95C       0
                text12                               B2       B2       78      164       0
                text11                              12A      12A       B8      254       0
                text10                               4B       4B       67       96       0
                text9                               FA7      FA7       59     1F4E       0
                text8                               EC0      EC0       4D     1D80       0
                text7                               F0D      F0D       4D     1E1A       0
                text6                               F5A      F5A       4D     1EB4       0
                text5                               DFD      DFD       16     1BFA       0
                text4                               E2D      E2D       23     1C5A       0
                text3                               DC2      DC2        7     1B84       0
                text2                               DD1      DD1        9     1BA2       0
                text1                               DBC      DBC        6     1B78       0
                maintext                            1E2      1E2      2CC      3C4       0
                cstackBANK0                          20       20       34       20       1
                cstackCOMMON                         70       70        E       70       1
                clrtext                             DC9      DC9        8     1B92       0
                bssBANK0                             54       54       15       20       1
                strings                             800      800       15     1000       0

TOTAL           Name                               Link     Load   Length     Space
        CLASS   CODE           
                end_init                              0        0        3         0
                cinit                               7F3      7F3        D         0
                text21                              DB6      DB6        6         0
                text20                              E13      E13       1A         0
                text19                              DDA      DDA        D         0
                text18                              E75      E75       4B         0
                text17                                4        4       20         0
                text16                              DE7      DE7       16         0
                text15                              E50      E50       25         0
                text14                               24       24       27         0
                text13                              4AE      4AE      345         0
                text12                               B2       B2       78         0
                text11                              12A      12A       B8         0
                text10                               4B       4B       67         0
                text9                               FA7      FA7       59         0
                text8                               EC0      EC0       4D         0
                text7                               F0D      F0D       4D         0
                text6                               F5A      F5A       4D         0
                text5                               DFD      DFD       16         0
                text4                               E2D      E2D       23         0
                text3                               DC2      DC2        7         0
                text2                               DD1      DD1        9         0
                text1                               DBC      DBC        6         0
                maintext                            1E2      1E2      2CC         0
                clrtext                             DC9      DC9        8         0

        CLASS   STRCODE        

        CLASS   STRING         
                strings                             800      800       15         0

        CLASS   CONST          

        CLASS   ENTRY          

        CLASS   COMMON         
                cstackCOMMON                         70       70        E         1

        CLASS   BANK0          
                cstackBANK0                          20       20       34         1
                bssBANK0                             54       54       15         1

        CLASS   BANK1          

        CLASS   BANK2          

        CLASS   BANK3          

        CLASS   RAM            

        CLASS   ABS1           
                abs_s1                               7E       7E        2         1

        CLASS   SFR0           

        CLASS   SFR1           

        CLASS   SFR2           

        CLASS   SFR3           

        CLASS   CONFIG         
                config                             2007     2007        2         4

        CLASS   IDLOC          
                idloc                              2000     2000        4         5

        CLASS   EEDATA         

        CLASS   STACK          



SEGMENTS        Name                           Load    Length   Top    Selector   Space  Class     Delta

                reset_vec                      000000  000003  000003         0       0  CODE        2
                text17                         000004  000020  000024         8       0  CODE        2
                cstackBANK0                    000020  000049  000069        20       1  BANK0       1
                text14                         000024  000027  00004B        48       0  CODE        2
                cstackCOMMON                   000070  00000E  00007E        70       1  COMMON      1
                text10                         00004B  000067  0000B2        96       0  CODE        2
                text12                         0000B2  000078  00012A       164       0  CODE        2
                text11                         00012A  0000B8  0001E2       254       0  CODE        2
                maintext                       0001E2  0002CC  0004AE       3C4       0  CODE        2
                text13                         0004AE  000345  0007F3       95C       0  CODE        2
                cinit                          0007F3  00000D  000800       FE6       0  CODE        2
                strings                        000800  000015  000815      1000       0  STRING      2
                text21                         000DB6  000006  000DBC      1B6C       0  CODE        2
                text1                          000DBC  000006  000DC2      1B78       0  CODE        2
                text3                          000DC2  000007  000DC9      1B84       0  CODE        2
                clrtext                        000DC9  000008  000DD1      1B92       0  CODE        2
                text2                          000DD1  000009  000DDA      1BA2       0  CODE        2
                text19                         000DDA  00000D  000DE7      1BB4       0  CODE        2
                text16                         000DE7  000016  000DFD      1BCE       0  CODE        2
                text5                          000DFD  000016  000E13      1BFA       0  CODE        2
                text20                         000E13  00001A  000E2D      1C26       0  CODE        2
                text4                          000E2D  000023  000E50      1C5A       0  CODE        2
                text15                         000E50  000025  000E75      1CA0       0  CODE        2
                text18                         000E75  00004B  000EC0      1CEA       0  CODE        2
                text8                          000EC0  00004D  000F0D      1D80       0  CODE        2
                text7                          000F0D  00004D  000F5A      1E1A       0  CODE        2
                text6                          000F5A  00004D  000FA7      1EB4       0  CODE        2
                text9                          000FA7  000059  001000      1F4E       0  CODE        2


UNUSED ADDRESS RANGES

        Name                Unused          Largest block    Delta
        BANK0            0069-006F              7           1
        BANK1            00A0-00EF             50           1
        BANK2            0110-016F             60           1
        BANK3            0190-01EF             60           1
        CODE             0003-0003              1           2
                         0815-0DB5            5A1
                         1000-1FFF            800
        CONST            0003-0003              1           2
                         0815-0DB5            100
                         1000-1FFF            100
        EEDATA           2100-21FF            100           2
        ENTRY            0003-0003              1           2
                         0815-0DB5            100
                         1000-1FFF            100
        RAM              0069-006F              7           1
                         00A0-00EF             50
                         0110-016F             60
                         0190-01EF             60
        SFR0             0000-001F             20           1
        SFR1             0080-009F             20           1
        SFR2             0100-010F             10           1
        SFR3             0180-018F             10           1
        STRCODE          0003-0003              1           2
                         0815-0DB5            5A1
                         1000-1FFF           1000
        STRING           0003-0003              1           2
                         0815-0DB5            100
                         1000-1FFF            100

                                  Symbol Table

?__Umul8_16               cstackCOMMON 0070
?___awdiv                 cstackCOMMON 0070
?___awmod                 cstackCOMMON 0070
?___flmul                 cstackBANK0  0020
?___fltol                 cstackBANK0  003A
?___xxtofl                cstackCOMMON 0070
Lcd_Cmd@a                 cstackCOMMON 0073
Lcd_Port@a                cstackCOMMON 0070
Lcd_Set_Cursor@a          cstackCOMMON 0075
Lcd_Set_Cursor@b          cstackCOMMON 0074
Lcd_Set_Cursor@direccion  cstackCOMMON 0076
Lcd_Write_Char@a          cstackCOMMON 0072
Lcd_Write_String@a        cstackCOMMON 0075
Lcd_Write_String@i        cstackCOMMON 0073
_ADC_voltaje              bssBANK0     005A
_ADC_voltaje_2            bssBANK0     0058
_ADC_voltaje_nc           bssBANK0     0056
_ADC_voltaje_nc2          bssBANK0     0054
_ANSEL                    (abs)        0188
_ANSELH                   (abs)        0189
_Lcd_Clear                text19       0DDA
_Lcd_Cmd                  text20       0E13
_Lcd_Init                 text18       0E75
_Lcd_Port                 text21       0DB6
_Lcd_Set_Cursor           text17       0004
_Lcd_Write_Char           text16       0DE7
_Lcd_Write_String         text15       0E50
_OSCCONbits               (abs)        008F
_PORTA                    (abs)        0005
_PORTB                    (abs)        0006
_PORTCbits                (abs)        0007
_PORTD                    (abs)        0008
_PORTE                    (abs)        0009
_PORTEbits                (abs)        0009
_RE1                      (abs)        0049
_SSPBUF                   (abs)        0013
_SSPCON                   (abs)        0014
_SSPSTAT                  (abs)        0094
_SSPSTATbits              (abs)        0094
_TRISA                    (abs)        0085
_TRISB                    (abs)        0086
_TRISC1                   (abs)        0439
_TRISC2                   (abs)        043A
_TRISC3                   (abs)        043B
_TRISC5                   (abs)        043D
_TRISD                    (abs)        0088
_TRISE                    (abs)        0089
__Habs1                   abs1         0000
__Hbank0                  bank0        0000
__Hbank1                  bank1        0000
__Hbank2                  bank2        0000
__Hbank3                  bank3        0000
__HbssBANK0               bssBANK0     0000
__Hcinit                  cinit        0800
__Hclrtext                clrtext      0000
__Hcode                   code         0000
__Hcommon                 common       0000
__Hconfig                 config       2009
__HcstackBANK0            cstackBANK0  0000
__HcstackCOMMON           cstackCOMMON 0000
__Heeprom_data            eeprom_data  0000
__Hend_init               end_init     0003
__Hfunctab                functab      0000
__Hidloc                  idloc        2004
__Hinit                   init         0000
__Hintentry               intentry     0000
__Hmaintext               maintext     0000
__Hpowerup                powerup      0000
__Hram                    ram          0000
__Hreset_vec              reset_vec    0000
__Hsfr0                   sfr0         0000
__Hsfr1                   sfr1         0000
__Hsfr2                   sfr2         0000
__Hsfr3                   sfr3         0000
__Hspace_0                (abs)        1000
__Hspace_1                (abs)        007E
__Hspace_2                (abs)        0000
__Hspace_3                (abs)        0000
__Hspace_4                (abs)        4010
__Hstack                  stack        0000
__Hstrings                strings      0000
__Htext                   text         0000
__Labs1                   abs1         0000
__Lbank0                  bank0        0000
__Lbank1                  bank1        0000
__Lbank2                  bank2        0000
__Lbank3                  bank3        0000
__LbssBANK0               bssBANK0     0000
__Lcinit                  cinit        07F3
__Lclrtext                clrtext      0000
__Lcode                   code         0000
__Lcommon                 common       0000
__Lconfig                 config       0000
__LcstackBANK0            cstackBANK0  0000
__LcstackCOMMON           cstackCOMMON 0000
__Leeprom_data            eeprom_data  0000
__Lend_init               end_init     0000
__Lfunctab                functab      0000
__Lidloc                  idloc        0000
__Linit                   init         0000
__Lintentry               intentry     0000
__Lmaintext               maintext     0000
__Lpowerup                powerup      0000
__Lram                    ram          0000
__Lreset_vec              reset_vec    0000
__Lsfr0                   sfr0         0000
__Lsfr1                   sfr1         0000
__Lsfr2                   sfr2         0000
__Lsfr3                   sfr3         0000
__Lspace_0                (abs)        0000
__Lspace_1                (abs)        0000
__Lspace_2                (abs)        0000
__Lspace_3                (abs)        0000
__Lspace_4                (abs)        0000
__Lstack                  stack        0000
__Lstrings                strings      0000
__Ltext                   text         0000
__S0                      (abs)        1000
__S1                      (abs)        007E
__S3                      (abs)        0000
__Umul8_16                text14       0024
__Umul8_16@multiplicand   cstackCOMMON 0070
__Umul8_16@multiplier     cstackCOMMON 0078
__Umul8_16@product        cstackCOMMON 0074
__Umul8_16@word_mpld      cstackCOMMON 0076
___awdiv                  text10       004B
___awdiv@counter          cstackCOMMON 0075
___awdiv@dividend         cstackCOMMON 0072
___awdiv@divisor          cstackCOMMON 0070
___awdiv@quotient         cstackCOMMON 0077
___awdiv@sign             cstackCOMMON 0076
___awmod                  text9        0FA7
___awmod@counter          cstackCOMMON 0075
___awmod@dividend         cstackCOMMON 0072
___awmod@divisor          cstackCOMMON 0070
___awmod@sign             cstackCOMMON 0076
___flmul                  text13       04AE
___flmul@a                cstackBANK0  0024
___flmul@aexp             cstackBANK0  0032
___flmul@b                cstackBANK0  0020
___flmul@bexp             cstackBANK0  0033
___flmul@grs              cstackBANK0  002E
___flmul@prod             cstackBANK0  0034
___flmul@sign             cstackBANK0  002D
___flmul@temp             cstackBANK0  0038
___fltol                  text12       00B2
___fltol@exp1             cstackBANK0  0043
___fltol@f1               cstackBANK0  003A
___fltol@sign1            cstackBANK0  0042
___int_sp                 stack        0000
___latbits                (abs)        0002
___sp                     stack        0000
___stackhi                (abs)        0000
___stacklo                (abs)        0000
___xxtofl                 text11       012A
___xxtofl@arg             cstackCOMMON 007A
___xxtofl@exp             cstackCOMMON 0079
___xxtofl@sign            cstackCOMMON 0078
___xxtofl@val             cstackCOMMON 0070
__end_of_Lcd_Clear        text19       0DE7
__end_of_Lcd_Cmd          text20       0E2D
__end_of_Lcd_Init         text18       0EC0
__end_of_Lcd_Port         text21       0DBC
__end_of_Lcd_Set_Cursor   text17       0024
__end_of_Lcd_Write_Char   text16       0DFD
__end_of_Lcd_Write_String text15       0E75
__end_of__Umul8_16        text14       004B
__end_of___awdiv          text10       00B2
__end_of___awmod          text9        1000
__end_of___flmul          text13       07F3
__end_of___fltol          text12       012A
__end_of___xxtofl         text11       01E2
__end_of__initialization  cinit        07FC
__end_of__stringtab       strings      0806
__end_of_displays         text8        0F0D
__end_of_displays2        text7        0F5A
__end_of_displays3        text6        0FA7
__end_of_main             maintext     04AE
__end_of_setup            text4        0E50
__end_of_spiInit          text5        0E13
__end_of_spiRead          text2        0DDA
__end_of_spiReceiveWait   text3        0DC9
__end_of_spiWrite         text1        0DC2
__initialization          cinit        07F3
__pbssBANK0               bssBANK0     0054
__pcstackBANK0            cstackBANK0  0020
__pcstackCOMMON           cstackCOMMON 0070
__pmaintext               maintext     01E2
__pstrings                strings      0800
__ptext1                  text1        0DBC
__ptext10                 text10       004B
__ptext11                 text11       012A
__ptext12                 text12       00B2
__ptext13                 text13       04AE
__ptext14                 text14       0024
__ptext15                 text15       0E50
__ptext16                 text16       0DE7
__ptext17                 text17       0004
__ptext18                 text18       0E75
__ptext19                 text19       0DDA
__ptext2                  text2        0DD1
__ptext20                 text20       0E13
__ptext21                 text21       0DB6
__ptext3                  text3        0DC2
__ptext4                  text4        0E2D
__ptext5                  text5        0DFD
__ptext6                  text6        0F5A
__ptext7                  text7        0F0D
__ptext8                  text8        0EC0
__ptext9                  text9        0FA7
__stringbase              strings      0805
__stringtab               strings      0800
_centenas                 bssBANK0     0067
_centenas2                bssBANK0     0063
_centenas3                bssBANK0     005F
_contador                 bssBANK0     0068
_decenas                  bssBANK0     0066
_decenas2                 bssBANK0     0062
_decenas3                 bssBANK0     005E
_displays                 text8        0EC0
_displays2                text7        0F0D
_displays3                text6        0F5A
_main                     maintext     01E2
_main$1001                cstackBANK0  0050
_residuo                  bssBANK0     0064
_residuo2                 bssBANK0     0060
_residuo3                 bssBANK0     005C
_setup                    text4        0E2D
_spiInit                  text5        0DFD
_spiRead                  text2        0DD1
_spiReceiveWait           text3        0DC2
_spiWrite                 text1        0DBC
_unidades                 bssBANK0     0065
_unidades2                bssBANK0     0061
_unidades3                bssBANK0     005D
btemp                     (abs)        007E
clear_ram0                clrtext      0DC9
displays2@num             cstackCOMMON 0079
displays3@num             cstackCOMMON 0079
displays@num              cstackCOMMON 0079
end_of_initialization     cinit        07FC
intlevel0                 functab      0000
intlevel1                 functab      0000
intlevel2                 functab      0000
intlevel3                 functab      0000
intlevel4                 functab      0000
intlevel5                 functab      0000
main@valor_c              cstackBANK0  0047
main@valor_c2             cstackBANK0  004A
main@valor_c3             cstackBANK0  004D
main@valor_d              cstackBANK0  0048
main@valor_d2             cstackBANK0  004B
main@valor_d3             cstackBANK0  004E
main@valor_u              cstackBANK0  0049
main@valor_u2             cstackBANK0  004C
main@valor_u3             cstackBANK0  004F
reset_vec                 reset_vec    0000
spiInit@sClockIdle        cstackCOMMON 0071
spiInit@sDataSample       cstackCOMMON 0070
spiInit@sTransmitEdge     cstackCOMMON 0072
spiInit@sType             cstackCOMMON 0073
spiWrite@dat              cstackCOMMON 0070
start                     init         0000
start_initialization      cinit        07F3
wtemp0                    (abs)        007E


MODULE INFORMATION

Module		Function		Class		Link	Load	Size
C:\Program Files\Microchip\xc8\v2.40\pic\sources\c90\common\fltol.c
		___fltol       		CODE           	00B2	0000	120

C:\Program Files\Microchip\xc8\v2.40\pic\sources\c90\common\fltol.c estimated size: 120

C:\Program Files\Microchip\xc8\v2.40\pic\sources\c90\common\awdiv.c
		___awdiv       		CODE           	004B	0000	103

C:\Program Files\Microchip\xc8\v2.40\pic\sources\c90\common\awdiv.c estimated size: 103

C:\Program Files\Microchip\xc8\v2.40\pic\sources\c90\common\sprcmul.c
		___flmul       		CODE           	04AE	0000	837

C:\Program Files\Microchip\xc8\v2.40\pic\sources\c90\common\sprcmul.c estimated size: 837

Main_master.c
		_displays      		CODE           	0EC0	0000	77
		_displays2     		CODE           	0F0D	0000	77
		_displays3     		CODE           	0F5A	0000	77
		_main          		CODE           	01E2	0000	716
		_setup         		CODE           	0E2D	0000	35

Main_master.c estimated size: 982

C:\Program Files\Microchip\xc8\v2.40\pic\sources\c90\common\Umul8_16.c
		__Umul8_16     		CODE           	0024	0000	39

C:\Program Files\Microchip\xc8\v2.40\pic\sources\c90\common\Umul8_16.c estimated size: 39

shared
		__stringtab    		STRING         	0800	0000	6
		__initialization		CODE           	07F3	0000	9

shared estimated size: 15

SPI.c
		_spiWrite      		CODE           	0DBC	0000	6
		_spiInit       		CODE           	0DFD	0000	22
		_spiReceiveWait		CODE           	0DC2	0000	7
		_spiRead       		CODE           	0DD1	0000	9

SPI.c estimated size: 44

C:\Program Files\Microchip\xc8\v2.40\pic\sources\c90\common\awmod.c
		___awmod       		CODE           	0FA7	0000	89

C:\Program Files\Microchip\xc8\v2.40\pic\sources\c90\common\awmod.c estimated size: 89

C:\Program Files\Microchip\xc8\v2.40\pic\sources\c90\common\xxtofl.c
		___xxtofl      		CODE           	012A	0000	184

C:\Program Files\Microchip\xc8\v2.40\pic\sources\c90\common\xxtofl.c estimated size: 184

LCD.c
		_Lcd_Write_String		CODE           	0E50	0000	37
		_Lcd_Init      		CODE           	0E75	0000	75
		_Lcd_Write_Char		CODE           	0DE7	0000	22
		_Lcd_Cmd       		CODE           	0E13	0000	26
		_Lcd_Set_Cursor		CODE           	0004	0000	32
		_Lcd_Clear     		CODE           	0DDA	0000	13
		_Lcd_Port      		CODE           	0DB6	0000	6

LCD.c estimated size: 211

